LTspice 24.1.9 for Windows
Circuit: C:\Users\joann\Desktop\magisterka\Quadrature-amplitude-modulator\transmiter\simulation\differential_output_lt1638.net
Start Time: Wed Jun 24 21:35:15 2026
solver = Normal
Maximum thread count: 12
tnom = 27
temp = 27
method = trap
Instance "u3:M1": Length shorter than recommended for a level 1 MOSFET.
Instance "u3:M2": Length shorter than recommended for a level 1 MOSFET.
Instance "u3:M42": Length shorter than recommended for a level 1 MOSFET.
Instance "u3:M43": Length shorter than recommended for a level 1 MOSFET.
Instance "u3:M45": Length shorter than recommended for a level 1 MOSFET.
Instance "u3:M46": Length shorter than recommended for a level 1 MOSFET.
Instance "u3:M47": Length shorter than recommended for a level 1 MOSFET.
Instance "u3:M48": Length shorter than recommended for a level 1 MOSFET.
Instance "u3:M49": Length shorter than recommended for a level 1 MOSFET.
Instance "u3:M50": Length shorter than recommended for a level 1 MOSFET.
Instance "u4:M1": Length shorter than recommended for a level 1 MOSFET.
Instance "u4:M2": Length shorter than recommended for a level 1 MOSFET.
Instance "u4:M42": Length shorter than recommended for a level 1 MOSFET.
Instance "u4:M43": Length shorter than recommended for a level 1 MOSFET.
Instance "u4:M45": Length shorter than recommended for a level 1 MOSFET.
Instance "u4:M46": Length shorter than recommended for a level 1 MOSFET.
Instance "u4:M47": Length shorter than recommended for a level 1 MOSFET.
Instance "u4:M48": Length shorter than recommended for a level 1 MOSFET.
Instance "u4:M49": Length shorter than recommended for a level 1 MOSFET.
Instance "u4:M50": Length shorter than recommended for a level 1 MOSFET.
Direct Newton iteration failed to find .op point.  (Use ".option noopiter" to skip.)
Starting Gmin stepping
Gmin = 10
Gmin = 1.07374
Gmin = 0.115292
Gmin = 0.0123794
Gmin = 0.00132923
Gmin = 0.000142725
Gmin = 1.5325e-05
Gmin = 1.6455e-06
vernier = 0.5
vernier = 0.25
Gmin = 6.57459e-07
vernier = 0.125
vernier = 0.0625
vernier = 0.03125
vernier = 0.015625
Gmin = 6.39827e-07
vernier = 0.0078125
vernier = 0.00390625
vernier = 0.00195312
vernier = 0.000976562
vernier = 0.000488281
Gmin = 6.3858e-07
Gmin = 0
Gmin stepping failed

Starting source stepping with srcstepmethod=0
Source Step = 3.0303%
Source Step = 33.3333%
Source Step = 63.6364%
Source Step = 93.9394%
vernier = 0.25
Source Step = 90.9268%
Source Step = 90.9564%
Source Step = 90.986%
Source Step = 91.0156%
Source Step = 91.0452%
vernier = 0.00146484
Source Step = 91.0792%
Source Step = 91.1236%
Source Step = 91.168%
Source Step = 91.2124%
Source Step = 91.2568%
vernier = 0.00219727
Source Step = 91.3056%
Source Step = 91.3722%
Source Step = 91.4388%
Source Step = 91.5054%
Source Step = 91.572%
vernier = 0.0032959
Source Step = 91.6419%
Source Step = 91.7418%
Source Step = 91.8416%
Source Step = 91.9415%
Source Step = 92.0414%
Source Step = 92.1413%
vernier = 0.00494385
Source Step = 92.2911%
Source Step = 92.4409%
Source Step = 92.5907%
Source Step = 92.7405%
Source Step = 92.8903%
vernier = 0.00741577
Source Step = 93.1076%
Source Step = 93.3323%
Source Step = 93.557%
Source Step = 93.7817%
Source Step = 94.0064%
vernier = 0.0111237
Source Step = 94.321%
Source Step = 94.6581%
Source Step = 94.9952%
Source Step = 95.3323%
Source Step = 95.6694%
vernier = 0.0166855
Source Step = 96.1244%
Source Step = 96.6301%
Source Step = 97.1357%
Source Step = 97.6413%
Source Step = 98.1469%
vernier = 0.0250282
Source Step = 98.8042%
Source Step = 99.5627%
Source stepping succeeded in finding the operating point.

Total elapsed time: 1.211 seconds.

Files loaded:
C:\Users\joann\Desktop\magisterka\Quadrature-amplitude-modulator\transmiter\simulation\differential_output_lt1638.net
C:\Users\joann\Desktop\magisterka\Quadrature-amplitude-modulator\transmiter\simulation\LMV796.MOD

