LTspice 24.1.9 for Windows
Circuit: C:\Users\joann\Desktop\magisterka\Quadrature-amplitude-modulator\transmiter\simulation\differential_output.net
Start Time: Tue May  5 22:37:45 2026
solver = Normal
Maximum thread count: 12
tnom = 27
temp = 27
method = trap
Direct Newton iteration failed to find .op point.  (Use ".option noopiter" to skip.)
Starting Gmin stepping
Gmin = 10
Gmin = 1.07374
vernier = 0.5
vernier = 0.25
vernier = 0.125
vernier = 0.0625
vernier = 0.03125
Gmin = 1.0412
vernier = 0.015625
vernier = 0.0078125
Gmin = 1.0132
vernier = 0.00390625
vernier = 0.00195312
Gmin = 1.00827
vernier = 0.00260417
vernier = 0.00130208
Gmin = 1.00515
vernier = 0.000651042
vernier = 0.000868055
vernier = 0.000434028
Gmin = 1.00434
vernier = 0.000578703
vernier = 0.000434027
Gmin = 1.00339
Gmin = 0
Gmin stepping failed

Starting source stepping with srcstepmethod=0
Source Step = 3.0303%
Source Step = 23.4848%
Source Step = 31.0606%
Source Step = 38.6364%
Source Step = 46.2121%
Source Step = 53.7879%
vernier = 0.375
Source Step = 62.1212%
Source Step = 73.4848%
Source Step = 84.8485%
Source Step = 96.2121%
Source stepping succeeded in finding the operating point.

Total elapsed time: 0.558 seconds.

Files loaded:
C:\Users\joann\Desktop\magisterka\Quadrature-amplitude-modulator\transmiter\simulation\differential_output.net
C:\Users\joann\AppData\Local\LTspice\lib\sub\LTC7.lib

